[applucrativos.com.br/app/index518a.html]
[backblue.gif]
[fade.gif]
[index.html]
[applucrativos.com.br/wp-content/uploads/2023/02/instamoney-icon-removebg-preview.png]
[applucrativos.com.br/wp-content/themes/twentytwentytwo/stylead05.css]
[applucrativos.com.br/wp-content/plugins/elementor/assets/lib/eicons/css/elementor-icons.mind618.css]
[applucrativos.com.br/wp-content/plugins/elementor/assets/css/frontend-lite.min6319.css]
[applucrativos.com.br/wp-content/plugins/elementor/assets/lib/swiper/css/swiper.min48f5.css]
[applucrativos.com.br/wp-content/uploads/elementor/css/post-807bd.css]
[applucrativos.com.br/app/index.html]
[applucrativos.com.br/wp-content/plugins/pro-elements/assets/css/frontend-lite.mindf38.css]
[applucrativos.com.br/wp-content/plugins/jetsticky-for-elementor/assets/css/jet-sticky-frontend4bf4.css]
[applucrativos.com.br/wp-content/plugins/elementor/assets/lib/font-awesome/css/all.min6319.css]
[applucrativos.com.br/wp-content/plugins/elementor/assets/lib/font-awesome/css/v4-shims.min6319.css]
[applucrativos.com.br/wp-content/uploads/elementor/css/global6882.css]
[applucrativos.com.br/wp-content/uploads/elementor/css/post-1866ae93.css]
[applucrativos.com.br/wp-content/plugins/happy-elementor-addons/assets/fonts/style.min4ae0.css]
[applucrativos.com.br/wp-content/plugins/elementor/assets/lib/font-awesome/css/font-awesome.min1849.css]
[applucrativos.com.br/wp-includes/js/jquery/jquery.min3088.js]
[applucrativos.com.br/wp-includes/js/jquery/jquery-migrate.min5589.js]
[applucrativos.com.br/wp-content/plugins/elementor/assets/lib/font-awesome/js/v4-shims.min6319.js]
[scripts.converteai.net/ebc3dd7e-81a7-4893-8291-e2afb4fab1f3/players/6330171bf1d4c400096b5871/player.js]
[cdn.converteai.net/lib/js/smartplayer/v1/smartplayer.min.js]
[images.converteai.net/ebc3dd7e-81a7-4893-8291-e2afb4fab1f3/players/6330171bf1d4c400096b5871/thumbnail.jpg]
[applucrativos.com.br/wp-content/uploads/2023/02/cropped-instamoney-icon-removebg-preview-32x32.png]
[applucrativos.com.br/wp-content/uploads/2023/02/cropped-instamoney-icon-removebg-preview-192x192.png]
[applucrativos.com.br/wp-content/uploads/2023/02/cropped-instamoney-icon-removebg-preview-180x180.png]
[applucrativos.com.br/wp-content/uploads/2023/02/subirpix-1024x263-1.png]
[static.eplay.video/player/js/eplay.runtime.v1407c.js]
[streaming.eplay.video/J4nkEE/vi_J4nkEE421614KzBYha/thumbnails/poster2307.jpg]
[applucrativos.com.br/wp-content/uploads/2022/10/compra-segura-3-1-300x36.png]
[applucrativos.com.br/app/'https_/www.google.com/']
[static.eplay.video/player/js/eplay.runtime.v11f20.js]
[streaming.eplay.video/J4nkEE/vi_J4nkEE0a1ElXYj2wT8/thumbnails/posterf6d8.jpg]
[static.eplay.video/player/js/eplay.runtime.v1d71d.js]
[streaming.eplay.video/J4nkEE/vi_J4nkEEZxzbEbwPWXCM/thumbnails/poster78bb.jpg]
[static.eplay.video/player/js/eplay.runtime.v1e19a.js]
[streaming.eplay.video/J4nkEE/vi_J4nkEEd8V7JZnRJjHL/thumbnails/poster4343.jpg]
[ajax.googleapis.com/ajax/libs/jquery/3.4.1/jquery.min.js]
[applucrativos.com.br/wp-content/uploads/elementor/thumbs/instamoney-icon-removebg-preview-q2nqe0eq4s541ivap3do1pd50wdxhs72709mpjd8bs.png]
[applucrativos.com.br/wp-content/plugins/backexit-redirect-master/public/js/ber97de.js]
[applucrativos.com.br/wp-content/plugins/happy-elementor-addons/assets/js/happy-addons.min4ae0.js]
[applucrativos.com.br/wp-content/plugins/jetsticky-for-elementor/assets/js/lib/ResizeSensor.min7d4c.js]
[applucrativos.com.br/wp-content/plugins/jetsticky-for-elementor/assets/js/lib/sticky-sidebar/sticky-sidebar.min3d36.js]
[applucrativos.com.br/wp-content/plugins/jetsticky-for-elementor/assets/js/lib/jsticky/jquery.jstickyf488.js]
[applucrativos.com.br/wp-content/plugins/pro-elements/assets/js/webpack-pro.runtime.mindf38.js]
[applucrativos.com.br/wp-content/plugins/elementor/assets/js/webpack.runtime.min6319.js]
[applucrativos.com.br/wp-content/plugins/elementor/assets/js/frontend-modules.min6319.js]
[applucrativos.com.br/wp-includes/js/dist/vendor/wp-polyfill-inert.min0226.js]
[applucrativos.com.br/wp-includes/js/dist/vendor/regenerator-runtime.min8fa4.js]
[applucrativos.com.br/wp-includes/js/dist/vendor/wp-polyfill.min2c7c.js]
[applucrativos.com.br/wp-includes/js/dist/hooks.min2ebd.js]
[applucrativos.com.br/wp-includes/js/dist/i18n.minf92f.js]
[applucrativos.com.br/wp-content/plugins/pro-elements/assets/js/frontend.mindf38.js]
[applucrativos.com.br/wp-content/plugins/elementor/assets/lib/waypoints/waypoints.min05da.js]
[applucrativos.com.br/wp-includes/js/jquery/ui/core.min3f14.js]
[applucrativos.com.br/wp-content/plugins/elementor/assets/js/frontend.min6319.js]
[applucrativos.com.br/wp-content/plugins/pro-elements/assets/js/elements-handlers.mindf38.js]
[applucrativos.com.br/app/index518a.html]
[applucrativos.com.br/app/index.html]
[applucrativos.com.br/wp-content/themes/twentytwentytwo/stylead05.css]
[applucrativos.com.br/wp-content/plugins/elementor/assets/lib/eicons/css/elementor-icons.mind618.css]
[applucrativos.com.br/wp-content/plugins/elementor/assets/css/frontend-lite.min6319.css]
[applucrativos.com.br/wp-content/plugins/elementor/assets/lib/swiper/css/swiper.min48f5.css]
[applucrativos.com.br/wp-content/uploads/elementor/css/post-807bd.css]
[applucrativos.com.br/wp-content/plugins/pro-elements/assets/css/frontend-lite.mindf38.css]
[applucrativos.com.br/wp-content/plugins/jetsticky-for-elementor/assets/css/jet-sticky-frontend4bf4.css]
[applucrativos.com.br/wp-content/plugins/elementor/assets/lib/font-awesome/css/all.min6319.css]
[applucrativos.com.br/wp-content/plugins/elementor/assets/lib/font-awesome/css/v4-shims.min6319.css]
[applucrativos.com.br/wp-content/uploads/elementor/css/global6882.css]
[applucrativos.com.br/wp-content/plugins/jetsticky-for-elementor/assets/js/jet-sticky-frontend4bf4.js]
[applucrativos.com.br/wp-content/uploads/2023/02/VDD.png]
[applucrativos.com.br/wp-content/uploads/elementor/css/post-1866ae93.css]
[applucrativos.com.br/wp-content/plugins/happy-elementor-addons/assets/fonts/happy-icons.woff2]
[applucrativos.com.br/wp-content/plugins/happy-elementor-addons/assets/fonts/happy-icons.woff]
[applucrativos.com.br/wp-content/plugins/happy-elementor-addons/assets/fonts/style.min4ae0.css]
[applucrativos.com.br/wp-content/plugins/elementor/assets/lib/font-awesome/css/font-awesome.min1849.css]
[applucrativos.com.br/app/'https_/www.google.com/'.html]
[applucrativos.com.br/wp-content/plugins/happy-elementor-addons/assets/fonts/happy-icons.svg]
[applucrativos.com.br/wp-content/plugins/happy-elementor-addons/assets/fonts/happy-icons.svg]
